lalalalal
